
Discarded input sections

 .text          0x00000000        0x0 timer.o
 .data          0x00000000        0x0 timer.o
 .bss           0x00000000        0x0 timer.o
 .text.inti_timer
                0x00000000       0x28 timer.o
 .text.delay_ms
                0x00000000       0x54 timer.o
 .comment       0x00000000       0x4e timer.o
 .ARM.attributes
                0x00000000       0x32 timer.o
 .text          0x00000000        0x0 start.o
 .data          0x00000000        0x0 start.o
 .bss           0x00000000        0x0 start.o
 .text          0x00000000        0x0 main.o
 .data          0x00000000        0x0 main.o
 .bss           0x00000000        0x0 main.o
 .text          0x00000000        0x0 modem.o
 .data          0x00000000        0x0 modem.o
 .bss           0x00000000        0x0 modem.o
 .text.send     0x00000000       0x20 modem.o
 .text.Receive  0x00000000       0xac modem.o
 .text.Check    0x00000000       0x9e modem.o
 .text.Xmoden   0x00000000      0x184 modem.o
 .data.flag.2   0x00000000        0x1 modem.o
 .bss.times.1   0x00000000        0x1 modem.o
 .bss.number.0  0x00000000        0x1 modem.o
 .comment       0x00000000       0x4e modem.o
 .ARM.attributes
                0x00000000       0x32 modem.o
 .text          0x00000000        0x0 qspi.o
 .data          0x00000000        0x0 qspi.o
 .bss           0x00000000        0x0 qspi.o
 .text.QSPI_Init
                0x00000000       0x6c qspi.o
 .text.FLASH_EraseSector
                0x00000000       0x28 qspi.o
 .text.CACHE_CleanAll
                0x00000000       0x42 qspi.o
 .text.FLASH_ProgramPage
                0x00000000       0x2c qspi.o
 .text.SaveInFlash
                0x00000000       0x28 qspi.o
 .comment       0x00000000       0x4e qspi.o
 .ARM.attributes
                0x00000000       0x32 qspi.o
 .text          0x00000000        0x0 irqn.o
 .data          0x00000000        0x0 irqn.o
 .bss           0x00000000        0x0 irqn.o
 .text.NMI_Handler
                0x00000000        0xe irqn.o
 .text.HardFault_Handler
                0x00000000        0xe irqn.o
 .text.MemManage_Handler
                0x00000000        0xe irqn.o
 .text.BusFault_Handler
                0x00000000        0xe irqn.o
 .text.UsageFault_Handler
                0x00000000        0xe irqn.o
 .text.SVC_Handler
                0x00000000        0xe irqn.o
 .text.DebugMon_Handler
                0x00000000        0xe irqn.o
 .text.PendSV_Handler
                0x00000000        0xe irqn.o
 .text.SysTick_Handler
                0x00000000        0xe irqn.o
 .text.TIM_0_IRQHandler
                0x00000000        0xe irqn.o
 .text.TIM_1_IRQHandler
                0x00000000        0xe irqn.o
 .text.TIM_2_IRQHandler
                0x00000000        0xe irqn.o
 .text.TIM_3_IRQHandler
                0x00000000        0xe irqn.o
 .text          0x00000000        0x0 uart.o
 .data          0x00000000        0x0 uart.o
 .bss           0x00000000        0x0 uart.o

Memory Configuration

Name             Origin             Length             Attributes
FLASH            0x01005000         0x00001000         xr
RAM              0x20000000         0x00010000         xrw
*default*        0x00000000         0xffffffff

Linker script and memory map

                0x20010000                _estack = 0x20010000

.text           0x01005000      0x970
                0x01005000                . = ALIGN (0x4)
                0x01005000                __text_start__ = .
 *(*.cortex_vectors)
 .data.cortex_vectors
                0x01005000      0x400 start.o
                0x01005000                cortex_vectors
 *(*.Reset_Handler)
 .text.Reset_Handler
                0x01005400       0x84 start.o
                0x01005400                Reset_Handler
 .text.Reset_Handler
                0x01005484        0xe irqn.o
 *(.text*)
 *fill*         0x01005492        0x2 
 .text.main     0x01005494       0x64 main.o
                0x01005494                main
 .text.SysTick_Handler
                0x010054f8       0x48 main.o
                0x010054f8                SysTick_Handler
 .text.TIM_0_IRQHandler
                0x01005540       0x34 main.o
                0x01005540                TIM_0_IRQHandler
 .text.TIM_1_IRQHandler
                0x01005574       0x34 main.o
                0x01005574                TIM_1_IRQHandler
 .text.TIM_2_IRQHandler
                0x010055a8       0x34 main.o
                0x010055a8                TIM_2_IRQHandler
 .text.TIM_3_IRQHandler
                0x010055dc       0x34 main.o
                0x010055dc                TIM_3_IRQHandler
 .text.DMA_IRQHandler
                0x01005610        0xe irqn.o
                0x01005610                DMA_IRQHandler
 .text.USB_IRQHandler
                0x0100561e        0xe irqn.o
                0x0100561e                USB_IRQHandler
 .text.USBDMA_IRQHandler
                0x0100562c        0xe irqn.o
                0x0100562c                USBDMA_IRQHandler
 .text.LCD_IRQHandler
                0x0100563a        0xe irqn.o
                0x0100563a                LCD_IRQHandler
 .text.SCI0_IRQHandler
                0x01005648        0xe irqn.o
                0x01005648                SCI0_IRQHandler
 .text.UART0_IRQHandler
                0x01005656        0xe irqn.o
                0x01005656                UART0_IRQHandler
 .text.UART1_IRQHandler
                0x01005664        0xe irqn.o
                0x01005664                UART1_IRQHandler
 .text.SPI0_IRQHandler
                0x01005672        0xe irqn.o
                0x01005672                SPI0_IRQHandler
 .text.CRYPT0_IRQHandler
                0x01005680        0xe irqn.o
                0x01005680                CRYPT0_IRQHandler
 .text.EXTI0_IRQHandler
                0x0100568e        0xe irqn.o
                0x0100568e                EXTI0_IRQHandler
 .text.EXTI1_IRQHandler
                0x0100569c        0xe irqn.o
                0x0100569c                EXTI1_IRQHandler
 .text.EXTI2_IRQHandler
                0x010056aa        0xe irqn.o
                0x010056aa                EXTI2_IRQHandler
 .text.RTC_IRQHandler
                0x010056b8        0xe irqn.o
                0x010056b8                RTC_IRQHandler
 .text.SENSOR_IRQHandler
                0x010056c6        0xe irqn.o
                0x010056c6                SENSOR_IRQHandler
 .text.TRNG_IRQHandler
                0x010056d4        0xe irqn.o
                0x010056d4                TRNG_IRQHandler
 .text.ADC0_IRQHandler
                0x010056e2        0xe irqn.o
                0x010056e2                ADC0_IRQHandler
 .text.SSC_IRQHandler
                0x010056f0        0xe irqn.o
                0x010056f0                SSC_IRQHandler
 .text.TIM_4_IRQHandler
                0x010056fe        0xe irqn.o
                0x010056fe                TIM_4_IRQHandler
 .text.TIM_5_IRQHandler
                0x0100570c        0xe irqn.o
                0x0100570c                TIM_5_IRQHandler
 .text.KBD_IRQHandler
                0x0100571a        0xe irqn.o
                0x0100571a                KBD_IRQHandler
 .text.MSR_IRQHandler
                0x01005728        0xe irqn.o
                0x01005728                MSR_IRQHandler
 .text.EXTI3_IRQHandler
                0x01005736        0xe irqn.o
                0x01005736                EXTI3_IRQHandler
 .text.SPI1_IRQHandler
                0x01005744        0xe irqn.o
                0x01005744                SPI1_IRQHandler
 .text.SPI2_IRQHandler
                0x01005752        0xe irqn.o
                0x01005752                SPI2_IRQHandler
 .text.SCI2_IRQHandler
                0x01005760        0xe irqn.o
                0x01005760                SCI2_IRQHandler
 .text.UART2_IRQHandler
                0x0100576e        0xe irqn.o
                0x0100576e                UART2_IRQHandler
 .text.UART3_IRQHandler
                0x0100577c        0xe irqn.o
                0x0100577c                UART3_IRQHandler
 .text.QSPI_IRQHandler
                0x0100578a        0xe irqn.o
                0x0100578a                QSPI_IRQHandler
 .text.I2C0_IRQHandler
                0x01005798        0xe irqn.o
                0x01005798                I2C0_IRQHandler
 .text.EXTI4_IRQHandler
                0x010057a6        0xe irqn.o
                0x010057a6                EXTI4_IRQHandler
 .text.EXTI5_IRQHandler
                0x010057b4        0xe irqn.o
                0x010057b4                EXTI5_IRQHandler
 .text.TIM_6_IRQHandler
                0x010057c2        0xe irqn.o
                0x010057c2                TIM_6_IRQHandler
 .text.TIM_7_IRQHandler
                0x010057d0        0xe irqn.o
                0x010057d0                TIM_7_IRQHandler
 .text.DCMI_IRQHandler
                0x010057de        0xe irqn.o
                0x010057de                DCMI_IRQHandler
 .text.QR_IRQHandler
                0x010057ec        0xe irqn.o
                0x010057ec                QR_IRQHandler
 .text.GPU_IRQHandler
                0x010057fa        0xe irqn.o
                0x010057fa                GPU_IRQHandler
 .text.AWD_IRQHandler
                0x01005808        0xe irqn.o
                0x01005808                AWD_IRQHandler
 .text.DAC_IRQHandler
                0x01005816        0xe irqn.o
                0x01005816                DAC_IRQHandler
 .text.SPI5_IRQHandler
                0x01005824        0xe irqn.o
                0x01005824                SPI5_IRQHandler
 *fill*         0x01005832        0x2 
 .text.init_irqn
                0x01005834       0x34 irqn.o
                0x01005834                init_irqn
 .text.UART_Init
                0x01005868      0x108 uart.o
                0x01005868                UART_Init
 *(.init)
 *(.fini)
 *(.rodata*)
                0x01005970                __text_end__ = .

.glue_7         0x01005970        0x0
 .glue_7        0x01005970        0x0 linker stubs

.glue_7t        0x01005970        0x0
 .glue_7t       0x01005970        0x0 linker stubs

.vfp11_veneer   0x01005970        0x0
 .vfp11_veneer  0x01005970        0x0 linker stubs

.v4_bx          0x01005970        0x0
 .v4_bx         0x01005970        0x0 linker stubs

.iplt           0x01005970        0x0
 .iplt          0x01005970        0x0 start.o

.rel.dyn        0x01005970        0x0
 .rel.iplt      0x01005970        0x0 start.o

.data           0x20000000        0x4 load address 0x01005970
                0x20000000                . = ALIGN (0x4)
                0x20000000                __data_start__ = .
 *(.data*)
 .data.timer_number.0
                0x20000000        0x1 main.o
                0x20000004                . = ALIGN (0x4)
 *fill*         0x20000001        0x3 
                0x20000004                __data_end__ = .

.igot.plt       0x20000004        0x0 load address 0x01005974
 .igot.plt      0x20000004        0x0 start.o

.bss            0x20000004        0x0
                0x20000004                __bss_start__ = .
 *(.bss*)
                0x20000004                __bss_end__ = .
LOAD timer.o
LOAD start.o
LOAD main.o
LOAD modem.o
LOAD qspi.o
LOAD irqn.o
LOAD uart.o
OUTPUT(main.exe elf32-littlearm)
LOAD linker stubs

.comment        0x00000000       0x4d
 .comment       0x00000000       0x4d start.o
                                 0x4e (size before relaxing)
 .comment       0x0000004d       0x4e main.o
 .comment       0x0000004d       0x4e irqn.o
 .comment       0x0000004d       0x4e uart.o

.ARM.attributes
                0x00000000       0x32
 .ARM.attributes
                0x00000000       0x32 start.o
 .ARM.attributes
                0x00000032       0x32 main.o
 .ARM.attributes
                0x00000064       0x32 irqn.o
 .ARM.attributes
                0x00000096       0x32 uart.o
