
Discarded input sections

 .text          0x00000000        0x0 timer.o
 .data          0x00000000        0x0 timer.o
 .bss           0x00000000        0x0 timer.o
 .text.delay_ms
                0x00000000       0x54 timer.o
 .text          0x00000000        0x0 start.o
 .data          0x00000000        0x0 start.o
 .bss           0x00000000        0x0 start.o
 .text          0x00000000        0x0 main.o
 .data          0x00000000        0x0 main.o
 .bss           0x00000000        0x0 main.o
 .text          0x00000000        0x0 modem.o
 .data          0x00000000        0x0 modem.o
 .bss           0x00000000        0x0 modem.o
 .text.send     0x00000000       0x20 modem.o
 .text.Receive  0x00000000       0xac modem.o
 .text.Check    0x00000000       0x9e modem.o
 .text.Xmoden   0x00000000      0x184 modem.o
 .data.flag.2   0x00000000        0x1 modem.o
 .bss.times.1   0x00000000        0x1 modem.o
 .bss.number.0  0x00000000        0x1 modem.o
 .comment       0x00000000       0x4e modem.o
 .ARM.attributes
                0x00000000       0x32 modem.o
 .text          0x00000000        0x0 qspi.o
 .data          0x00000000        0x0 qspi.o
 .bss           0x00000000        0x0 qspi.o
 .text.QSPI_Init
                0x00000000       0x6c qspi.o
 .text.FLASH_EraseSector
                0x00000000       0x28 qspi.o
 .text.CACHE_CleanAll
                0x00000000       0x42 qspi.o
 .text.FLASH_ProgramPage
                0x00000000       0x2c qspi.o
 .text.SaveInFlash
                0x00000000       0x3c qspi.o
 .data.address.0
                0x00000000        0x4 qspi.o
 .comment       0x00000000       0x4e qspi.o
 .ARM.attributes
                0x00000000       0x32 qspi.o
 .text          0x00000000        0x0 uart.o
 .data          0x00000000        0x0 uart.o
 .bss           0x00000000        0x0 uart.o

Memory Configuration

Name             Origin             Length             Attributes
FLASH            0x01006000         0x00001000         xr
RAM              0x20000000         0x00010000         xrw
*default*        0x00000000         0xffffffff

Linker script and memory map

                0x20010000                _estack = 0x20010000

.text           0x01006000      0x2f8
                0x01006000                . = ALIGN (0x4)
                0x01006000                __text_start__ = .
 *(*.cortex_vectors)
 .data.cortex_vectors
                0x01006000        0x4 start.o
                0x01006000                cortex_vectors
 *(*.Reset_Handler)
 .text.Reset_Handler
                0x01006004       0x84 start.o
                0x01006004                Reset_Handler
 *(.text*)
 .text.inti_timer
                0x01006088       0x6c timer.o
                0x01006088                inti_timer
 .text.main     0x010060f4       0xfc main.o
                0x010060f4                main
 .text.UART_Init
                0x010061f0      0x108 uart.o
                0x010061f0                UART_Init
 *(.init)
 *(.fini)
 *(.rodata*)
                0x010062f8                __text_end__ = .

.glue_7         0x010062f8        0x0
 .glue_7        0x010062f8        0x0 linker stubs

.glue_7t        0x010062f8        0x0
 .glue_7t       0x010062f8        0x0 linker stubs

.vfp11_veneer   0x010062f8        0x0
 .vfp11_veneer  0x010062f8        0x0 linker stubs

.v4_bx          0x010062f8        0x0
 .v4_bx         0x010062f8        0x0 linker stubs

.iplt           0x010062f8        0x0
 .iplt          0x010062f8        0x0 start.o

.rel.dyn        0x010062f8        0x0
 .rel.iplt      0x010062f8        0x0 start.o

.data           0x20000000        0x0 load address 0x010062f8
                0x20000000                . = ALIGN (0x4)
                0x20000000                __data_start__ = .
 *(.data*)
                0x20000000                . = ALIGN (0x4)
                0x20000000                __data_end__ = .

.igot.plt       0x20000000        0x0
 .igot.plt      0x20000000        0x0 start.o

.bss            0x20000000        0x0
                0x20000000                __bss_start__ = .
 *(.bss*)
                0x20000000                __bss_end__ = .
LOAD timer.o
LOAD start.o
LOAD main.o
LOAD modem.o
LOAD qspi.o
LOAD uart.o
OUTPUT(main.exe elf32-littlearm)
LOAD linker stubs

.comment        0x00000000       0x4d
 .comment       0x00000000       0x4d timer.o
                                 0x4e (size before relaxing)
 .comment       0x0000004d       0x4e start.o
 .comment       0x0000004d       0x4e main.o
 .comment       0x0000004d       0x4e uart.o

.ARM.attributes
                0x00000000       0x32
 .ARM.attributes
                0x00000000       0x32 timer.o
 .ARM.attributes
                0x00000032       0x32 start.o
 .ARM.attributes
                0x00000064       0x32 main.o
 .ARM.attributes
                0x00000096       0x32 uart.o
